[     422ms] [INFO] %cDownload the React DevTools for a better development experience: https://react.dev/link/react-devtools font-weight:bold @ http://localhost:53403/_next/static/chunks/node_modules_next_dist_1e8vcs8._.js:776
[     525ms] [LOG] [HMR] connected @ http://localhost:53403/_next/static/chunks/node_modules_next_dist_1e8vcs8._.js:776
[     723ms] [ERROR] A tree hydrated but some attributes of the server rendered HTML didn't match the client properties. This won't be patched up. This can happen if a SSR-ed Client Component used:

- A server/client branch `if (typeof window !== 'undefined')`.
- Variable input such as `Date.now()` or `Math.random()` which changes each time it's called.
- Date formatting in a user's locale which doesn't match the server.
- External changing data without sending a snapshot of it along with the HTML.
- Invalid HTML tag nesting.

It can also happen if the client has a browser extension installed which messes with the HTML before React loaded.

%s%s https://react.dev/link/hydration-mismatch 

  ...
    <HotReload globalError={[...]} webSocket={WebSocket} staticIndicatorState={{pathname:null, ...}}>
      <AppDevOverlayErrorBoundary globalError={[...]}>
        <ReplaySsrOnlyErrors>
        <DevRootHTTPAccessFallbackBoundary>
          <HTTPAccessFallbackBoundary notFound={<NotAllowedRootHTTPFallbackError>}>
            <HTTPAccessFallbackErrorBoundary pathname="/" notFound={<NotAllowedRootHTTPFallbackError>} ...>
              <RedirectBoundary>
                <RedirectErrorBoundary router={{...}}>
                  <Head>
                  <__next_root_layout_boundary__>
                    <SegmentViewNode type="layout" pagePath="layout.tsx">
                      <SegmentTrieNode>
                      <link>
                      <script>
                      <RootLayout>
                        <html lang="en" suppressHydrationWarning={true} className="inter_fd09...">
                          <head>
                            <script
                              dangerouslySetInnerHTML={{
+                               __html: "\n              try {\n                var saved = localStorage.getItem('vmix..."
-                               __html: "\n(function () {\n  try {\n    if (window.__ssReloadSuppress) return;\n    wi..."
                              }}
-                             id="ss-reload-suppress"
                            >
                          ...
                  ...
 @ http://localhost:53403/_next/static/chunks/node_modules_next_dist_1e8vcs8._.js:1052
[   66634ms] [LOG] [Fast Refresh] rebuilding @ http://localhost:53403/_next/static/chunks/node_modules_next_dist_1e8vcs8._.js:776
[   67027ms] [LOG] [Fast Refresh] done in 90ms @ http://localhost:53403/_next/static/chunks/node_modules_next_dist_1e8vcs8._.js:776
[   91228ms] [LOG] [Fast Refresh] rebuilding @ http://localhost:53403/_next/static/chunks/node_modules_next_dist_1e8vcs8._.js:776
[   91742ms] [LOG] [Fast Refresh] done in 589ms @ http://localhost:53403/_next/static/chunks/node_modules_next_dist_1e8vcs8._.js:776
[   91979ms] [LOG] [Fast Refresh] done in 589ms @ http://localhost:53403/_next/static/chunks/node_modules_next_dist_1e8vcs8._.js:776
[   94504ms] [LOG] [Fast Refresh] done in 589ms @ http://localhost:53403/_next/static/chunks/node_modules_next_dist_1e8vcs8._.js:776
[   97324ms] [LOG] [Fast Refresh] done in 589ms @ http://localhost:53403/_next/static/chunks/node_modules_next_dist_1e8vcs8._.js:776
[  104174ms] [LOG] [Fast Refresh] rebuilding @ http://localhost:53403/_next/static/chunks/node_modules_next_dist_1e8vcs8._.js:776
[  104268ms] [LOG] [Fast Refresh] done in 46ms @ http://localhost:53403/_next/static/chunks/node_modules_next_dist_1e8vcs8._.js:776
[  104319ms] [LOG] [Fast Refresh] done in 46ms @ http://localhost:53403/_next/static/chunks/node_modules_next_dist_1e8vcs8._.js:776
[  104596ms] [LOG] [Fast Refresh] rebuilding @ http://localhost:53403/_next/static/chunks/node_modules_next_dist_1e8vcs8._.js:776
[  104662ms] [LOG] [Fast Refresh] done in 17ms @ http://localhost:53403/_next/static/chunks/node_modules_next_dist_1e8vcs8._.js:776
[  104730ms] [LOG] [Fast Refresh] done in 17ms @ http://localhost:53403/_next/static/chunks/node_modules_next_dist_1e8vcs8._.js:776
[  106892ms] [LOG] [Fast Refresh] rebuilding @ http://localhost:53403/_next/static/chunks/node_modules_next_dist_1e8vcs8._.js:776
[  106931ms] [LOG] [Fast Refresh] done in 68ms @ http://localhost:53403/_next/static/chunks/node_modules_next_dist_1e8vcs8._.js:776
[  107007ms] [LOG] [Fast Refresh] done in 68ms @ http://localhost:53403/_next/static/chunks/node_modules_next_dist_1e8vcs8._.js:776
[  107090ms] [LOG] [Fast Refresh] done in 68ms @ http://localhost:53403/_next/static/chunks/node_modules_next_dist_1e8vcs8._.js:776
[  107293ms] [LOG] [Fast Refresh] done in 68ms @ http://localhost:53403/_next/static/chunks/node_modules_next_dist_1e8vcs8._.js:776
[  261107ms] [LOG] [Fast Refresh] done in 68ms @ http://localhost:53403/_next/static/chunks/node_modules_next_dist_1e8vcs8._.js:776
[  263095ms] [LOG] [Fast Refresh] rebuilding @ http://localhost:53403/_next/static/chunks/node_modules_next_dist_1e8vcs8._.js:776
[  263648ms] [LOG] [Fast Refresh] done in 173ms @ http://localhost:53403/_next/static/chunks/node_modules_next_dist_1e8vcs8._.js:776
[  264349ms] [LOG] [Fast Refresh] done in 1004ms @ http://localhost:53403/_next/static/chunks/node_modules_next_dist_1e8vcs8._.js:776
[  264449ms] [LOG] [Fast Refresh] done in 1004ms @ http://localhost:53403/_next/static/chunks/node_modules_next_dist_1e8vcs8._.js:776
[  264450ms] [LOG] [Fast Refresh] done in 1004ms @ http://localhost:53403/_next/static/chunks/node_modules_next_dist_1e8vcs8._.js:776
[  264524ms] [LOG] [Fast Refresh] done in 1004ms @ http://localhost:53403/_next/static/chunks/node_modules_next_dist_1e8vcs8._.js:776
[  264525ms] [LOG] [Fast Refresh] done in 1004ms @ http://localhost:53403/_next/static/chunks/node_modules_next_dist_1e8vcs8._.js:776
[  264623ms] [LOG] [Fast Refresh] done in 1004ms @ http://localhost:53403/_next/static/chunks/node_modules_next_dist_1e8vcs8._.js:776
[  264693ms] [LOG] [Fast Refresh] done in 1004ms @ http://localhost:53403/_next/static/chunks/node_modules_next_dist_1e8vcs8._.js:776
[  264733ms] [LOG] [Fast Refresh] done in 1004ms @ http://localhost:53403/_next/static/chunks/node_modules_next_dist_1e8vcs8._.js:776
[  264816ms] [LOG] [Fast Refresh] done in 1004ms @ http://localhost:53403/_next/static/chunks/node_modules_next_dist_1e8vcs8._.js:776
[  265005ms] [LOG] [Fast Refresh] done in 1004ms @ http://localhost:53403/_next/static/chunks/node_modules_next_dist_1e8vcs8._.js:776
[  265064ms] [LOG] [Fast Refresh] done in 1004ms @ http://localhost:53403/_next/static/chunks/node_modules_next_dist_1e8vcs8._.js:776
[  265131ms] [LOG] [Fast Refresh] done in 1004ms @ http://localhost:53403/_next/static/chunks/node_modules_next_dist_1e8vcs8._.js:776
[  265218ms] [LOG] [Fast Refresh] done in 1004ms @ http://localhost:53403/_next/static/chunks/node_modules_next_dist_1e8vcs8._.js:776
[  265327ms] [LOG] [Fast Refresh] done in 1004ms @ http://localhost:53403/_next/static/chunks/node_modules_next_dist_1e8vcs8._.js:776
[  265408ms] [LOG] [Fast Refresh] done in 1004ms @ http://localhost:53403/_next/static/chunks/node_modules_next_dist_1e8vcs8._.js:776
[  265441ms] [LOG] [Fast Refresh] done in 1004ms @ http://localhost:53403/_next/static/chunks/node_modules_next_dist_1e8vcs8._.js:776
[  265491ms] [LOG] [Fast Refresh] done in 1004ms @ http://localhost:53403/_next/static/chunks/node_modules_next_dist_1e8vcs8._.js:776
[  265566ms] [LOG] [Fast Refresh] done in 1004ms @ http://localhost:53403/_next/static/chunks/node_modules_next_dist_1e8vcs8._.js:776
[  265616ms] [LOG] [Fast Refresh] done in 1004ms @ http://localhost:53403/_next/static/chunks/node_modules_next_dist_1e8vcs8._.js:776
[  265675ms] [LOG] [Fast Refresh] done in 1004ms @ http://localhost:53403/_next/static/chunks/node_modules_next_dist_1e8vcs8._.js:776
[  265742ms] [LOG] [Fast Refresh] done in 1004ms @ http://localhost:53403/_next/static/chunks/node_modules_next_dist_1e8vcs8._.js:776
[  265784ms] [LOG] [Fast Refresh] done in 1004ms @ http://localhost:53403/_next/static/chunks/node_modules_next_dist_1e8vcs8._.js:776
[  265833ms] [LOG] [Fast Refresh] done in 1004ms @ http://localhost:53403/_next/static/chunks/node_modules_next_dist_1e8vcs8._.js:776
[  265943ms] [LOG] [Fast Refresh] done in 1004ms @ http://localhost:53403/_next/static/chunks/node_modules_next_dist_1e8vcs8._.js:776
[  266018ms] [LOG] [Fast Refresh] done in 1004ms @ http://localhost:53403/_next/static/chunks/node_modules_next_dist_1e8vcs8._.js:776
[  266085ms] [LOG] [Fast Refresh] done in 1004ms @ http://localhost:53403/_next/static/chunks/node_modules_next_dist_1e8vcs8._.js:776
[  266134ms] [LOG] [Fast Refresh] done in 1004ms @ http://localhost:53403/_next/static/chunks/node_modules_next_dist_1e8vcs8._.js:776
[  266199ms] [LOG] [Fast Refresh] done in 1004ms @ http://localhost:53403/_next/static/chunks/node_modules_next_dist_1e8vcs8._.js:776
[  280463ms] [LOG] [Fast Refresh] rebuilding @ http://localhost:53403/_next/static/chunks/node_modules_next_dist_1e8vcs8._.js:776
[  281233ms] [LOG] [Fast Refresh] done in 873ms @ http://localhost:53403/_next/static/chunks/node_modules_next_dist_1e8vcs8._.js:776
